<html>
<body>
<pre>
<h1>µVision Build Log</h1>
<h2>Tool Versions:</h2>
IDE-Version: ¦ÌVision V5.26.2.0
Copyright (C) 2018 ARM Ltd and ARM Germany GmbH. All rights reserved.
License Information: Guo Tian, USTC, LIC=32B1Q-NIHSX-LQX0Q-NEIWQ-84HU4-B3SSY
 
Tool Versions:
Toolchain:       MDK-ARM Plus  Version: 5.26.2.0
Toolchain Path:  D:\software\keil\KEIL5_MDK\ARM\ARMCC\Bin
C Compiler:      Armcc.exe V5.06 update 6 (build 750)
Assembler:       Armasm.exe V5.06 update 6 (build 750)
Linker/Locator:  ArmLink.exe V5.06 update 6 (build 750)
Library Manager: ArmAr.exe V5.06 update 6 (build 750)
Hex Converter:   FromElf.exe V5.06 update 6 (build 750)
CPU DLL:         SARMCM3.DLL V5.26.2.0
Dialog DLL:      DCM.DLL V1.17.2.0
Target DLL:      CMSIS_AGDI.dll V1.30.6.0
Dialog DLL:      TCM.DLL V1.36.1.0
 
<h2>Project:</h2>
D:\Ñ§Ï°\robogame\gleaming_joy\MDK-ARM\gleaming_joy.uvprojx
Project File Date:  08/28/2023

<h2>Output:</h2>
*** Using Compiler 'V5.06 update 6 (build 750)', folder: 'D:\software\keil\KEIL5_MDK\ARM\ARMCC\Bin'
Build target 'gleaming_joy'
compiling PID.cpp...
..\USER\PID\PID.hpp(113): warning:  #1-D: last line of file ends without a newline
  #endif
..\USER\PID\PID.cpp(282): warning:  #1-D: last line of file ends without a newline
  /* Function prototypes -------------------------------------------------------*/
..\USER\PID\PID.cpp: 2 warnings, 0 errors
compiling chassis.cpp...
..\USER\PID\PID.hpp(113): warning:  #1-D: last line of file ends without a newline
  #endif
..\USER\Motor\motor.hpp(148): warning:  #1-D: last line of file ends without a newline
  #endif
..\USER\Chassis\Chassis.hpp(83): warning:  #1-D: last line of file ends without a newline
  #endif
..\USER\Chassis\chassis.cpp: 3 warnings, 0 errors
compiling motor.cpp...
..\USER\PID\PID.hpp(113): warning:  #1-D: last line of file ends without a newline
  #endif
..\USER\Motor\motor.hpp(148): warning:  #1-D: last line of file ends without a newline
  #endif
..\USER\Motor\motor.cpp(339): warning:  #1-D: last line of file ends without a newline
  /* Function prototypes -------------------------------------------------------*/
..\USER\Motor\motor.cpp: 3 warnings, 0 errors
compiling steer.cpp...
..\USER\Steer\Steer.hpp(62): warning:  #1-D: last line of file ends without a newline
  #endif
..\USER\Steer\steer.cpp(83): warning:  #1-D: last line of file ends without a newline
  /* Function prototypes -------------------------------------------------------*/
..\USER\Steer\steer.cpp: 2 warnings, 0 errors
linking...
Program Size: Code=13180 RO-data=536 RW-data=16 ZI-data=3720  
FromELF: creating hex file...
"gleaming_joy\gleaming_joy.axf" - 0 Error(s), 10 Warning(s).

<h2>Software Packages used:</h2>

Package Vendor: ARM
                http://www.keil.com/pack/ARM.CMSIS.5.4.0.pack
                ARM.CMSIS.5.4.0
                CMSIS (Cortex Microcontroller Software Interface Standard)
   * Component: CORE Version: 5.1.2

Package Vendor: Keil
                http://www.keil.com/pack/Keil.STM32F4xx_DFP.2.8.0.pack
                Keil.STM32F4xx_DFP.2.8.0
                STMicroelectronics STM32F4 Series Device Support, Drivers and Examples

<h2>Collection of Component include folders:</h2>
  .\RTE\_gleaming_joy
  D:\software\keil\KEIL5_MDK\ARM\PACK\ARM\CMSIS\5.4.0\CMSIS\Core\Include
  D:\software\keil\KEIL5_MDK\ARM\PACK\Keil\STM32F4xx_DFP\2.8.0\Drivers\CMSIS\Device\ST\STM32F4xx\Include

<h2>Collection of Component Files used:</h2>

   * Component: ARM::CMSIS:CORE:5.1.2
Build Time Elapsed:  00:00:04
</pre>
</body>
</html>
